---
source: crates/resolver/tests/ecosystem_fixtures.rs
expression: "render_packages(discover(&NodejsResolver, &root.join(\"npm\")))"
---
name = core
version = 1.0.0
path = packages/core
private = false

name = npm-root
version = 1.0.0
path = .
private = true

name = private
version = 1.0.0
path = packages/private
private = true
